SELECT insert_transaction(ROW(ROW($1, $2, $3, $4, $5::point, $6, $7, $8::numeric, $9), ARRAY [ROW(ROW($10, $11, $12, $13::numeric, $14::numeric, $15, $16, $17, $18, $19, $20, $21, $22, $23, $24, $25, $26, $27, $28, $29), ARRAY [ROW($30, $31, $32, $33, $34, $35, $36, $37::point, $38, $39, $40), ROW($41, $42, $43, $44, $45, $46, $47, $48::point, $49, $50, $51), ROW($52, $53, $54, $55, $56, $57, $58, $59::point, $60, $61, $62), ROW($63, $64, $65, $66, $67, $68, $69, $70::point, $71, $72, $73)]::approval[]), ROW(ROW($74, $75, $76, $77::numeric, $78::numeric, $79, $80, $81, $82, $83, $84, $85, $86, $87, $88, $89, $90, $91, $92, $93), ARRAY [ROW($94, $95, $96, $97, $98, $99, $100, $101::point, $102, $103, $104), ROW($105, $106, $107, $108, $109, $110, $111, $112::point, $113, $114, $115), ROW($116, $117, $118, $119, $120, $121, $122, $123::point, $124, $125, $126), ROW($127, $128, $129, $130, $131, $132, $133, $134::point, $135, $136, $137)]::approval[]), ROW(ROW($138, $139, $140, $141::numeric, $142::numeric, $143, $144, $145, $146, $147, $148, $149, $150, $151, $152, $153, $154, $155, $156, $157), ARRAY [ROW($158, $159, $160, $161, $162, $163, $164, $165::point, $166, $167, $168), ROW($169, $170, $171, $172, $173, $174, $175, $176::point, $177, $178, $179), ROW($180, $181, $182, $183, $184, $185, $186, $187::point, $188, $189, $190), ROW($191, $192, $193, $194, $195, $196, $197, $198::point, $199, $200, $201)]::approval[]), ROW(ROW($202, $203, $204, $205::numeric, $206::numeric, $207, $208, $209, $210, $211, $212, $213, $214, $215, $216, $217, $218, $219, $220, $221), ARRAY [ROW($222, $223, $224, $225, $226, $227, $228, $229::point, $230, $231, $232), ROW($233, $234, $235, $236, $237, $238, $239, $240::point, $241, $242, $243), ROW($244, $245, $246, $247, $248, $249, $250, $251::point, $252, $253, $254)]::approval[]), ROW(ROW($255, $256, $257, $258::numeric, $259::numeric, $260, $261, $262, $263, $264, $265, $266, $267, $268, $269, $270, $271, $272, $273, $274), ARRAY [ROW($275, $276, $277, $278, $279, $280, $281, $282::point, $283, $284, $285), ROW($286, $287, $288, $289, $290, $291, $292, $293::point, $294, $295, $296), ROW($297, $298, $299, $300, $301, $302, $303, $304::point, $305, $306, $307)]::approval[]), ROW(ROW($308, $309, $310, $311::numeric, $312::numeric, $313, $314, $315, $316, $317, $318, $319, $320, $321, $322, $323, $324, $325, $326, $327), ARRAY [ROW($328, $329, $330, $331, $332, $333, $334, $335::point, $336, $337, $338), ROW($339, $340, $341, $342, $343, $344, $345, $346::point, $347, $348, $349), ROW($350, $351, $352, $353, $354, $355, $356, $357::point, $358, $359, $360)]::approval[])]::entire_transaction_item[])::entire_transaction)