{"auth_account":"testacc","transaction":{"id":"","author":"GroceryStore","author_role":"creditor","equilibrium_time":null,"sum_value":null,"transaction_items":[{"id":"","transaction_id":"","item_id":"9% state sales tax","price":"0.18","quantity":"1","rule_instance_id":"1","rule_exec_ids":null,"unit_of_measurement":"","units_measured":null,"debitor":"JacobWebb","creditor":"StateOfCalifornia","debitor_profile_id":"","creditor_profile_id":"","debitor_approval_time":"NOW()","creditor_approval_time":"NOW()","debitor_rejection_time":"","creditor_rejection_time":"","debitor_expiration_time":"","creditor_expiration_time":""},{"id":"","transaction_id":"","item_id":"9% state sales tax","price":"0.27","quantity":"2","rule_instance_id":"1","rule_exec_ids":null,"unit_of_measurement":"","units_measured":null,"debitor":"JacobWebb","creditor":"StateOfCalifornia","debitor_profile_id":"","creditor_profile_id":"","debitor_approval_time":"NOW()","creditor_approval_time":"NOW()","debitor_rejection_time":"","creditor_rejection_time":"","debitor_expiration_time":"","creditor_expiration_time":""},{"id":"","transaction_id":"","item_id":"9% state sales tax","price":"0.36","quantity":"3","rule_instance_id":"1","rule_exec_ids":null,"unit_of_measurement":"","units_measured":null,"debitor":"JacobWebb","creditor":"StateOfCalifornia","debitor_profile_id":"","creditor_profile_id":"","debitor_approval_time":"NOW()","creditor_approval_time":"NOW()","debitor_rejection_time":"","creditor_rejection_time":"","debitor_expiration_time":"","creditor_expiration_time":""},{"id":"","transaction_id":"","item_id":"milk","price":"2","quantity":"1","rule_instance_id":"","rule_exec_ids":null,"unit_of_measurement":"","units_measured":null,"debitor":"JacobWebb","creditor":"GroceryStore","debitor_profile_id":"","creditor_profile_id":"","debitor_approval_time":"","creditor_approval_time":"NOW()","debitor_rejection_time":"","creditor_rejection_time":"","debitor_expiration_time":"","creditor_expiration_time":""},{"id":"","transaction_id":"","item_id":"bread","price":"3","quantity":"2","rule_instance_id":"","rule_exec_ids":null,"unit_of_measurement":"","units_measured":null,"debitor":"JacobWebb","creditor":"GroceryStore","debitor_profile_id":"","creditor_profile_id":"","debitor_approval_time":"","creditor_approval_time":"NOW()","debitor_rejection_time":"","creditor_rejection_time":"","debitor_expiration_time":"","creditor_expiration_time":""},{"id":"","transaction_id":"","item_id":"eggs","price":"4","quantity":"3","rule_instance_id":"","rule_exec_ids":null,"unit_of_measurement":"","units_measured":null,"debitor":"JacobWebb","creditor":"GroceryStore","debitor_profile_id":"","creditor_profile_id":"","debitor_approval_time":"","creditor_approval_time":"NOW()","debitor_rejection_time":"","creditor_rejection_time":"","debitor_expiration_time":"","creditor_expiration_time":""}]}}